// Jest Snapshot v1, https://goo.gl/fbAQLP

exports[`RestaurantPage should match the snapshot 1`] = `ShallowWrapper {}`;
